// Jest Snapshot v1, https://goo.gl/fbAQLP

exports[`matches snapshot 1`] = `
<DocumentFragment>
  <div
    class="SignupForm"
  >
    <div
      class="SignupForm-div"
    >
      <h1>
        Enter Username/Password
      </h1>
      <form>
        <div>
          <div>
            <label
              for="username"
            >
              Username
            </label>
          </div>
          <input
            id="username"
            name="username"
            placeholder="Username"
            type="text"
            value=""
          />
        </div>
        <div>
          <div>
            <label
              for="password"
            >
              Password
            </label>
          </div>
          <input
            id="password"
            name="password"
            placeholder="Password"
            type="password"
            value=""
          />
        </div>
        <button
          class="general-btn SignupForm-btn"
          type="submit"
        >
          Sign-up
        </button>
      </form>
    </div>
  </div>
</DocumentFragment>
`;
